// Jest Snapshot v1, https://goo.gl/fbAQLP

exports[`Pages / Admin / AdminDailyAccess should render the page 1`] = `
<div
  class="daily-access"
>
  <div
    class="daily-access__time-container"
  >
    <div
      class="v-input daily-acces__input theme--light v-text-field v-text-field--single-line v-text-field--solo v-text-field--enclosed v-text-field--placeholder"
    >
      <div
        class="v-input__control"
      >
        <div
          class="v-input__slot"
        >
          <div
            class="v-text-field__slot"
          >
            <label
              class="v-label theme--light"
              for="input-3"
              style="left: 0px; position: absolute;"
            >
              Período de início
            </label>
            <input
              aria-expanded="false"
              aria-haspopup="true"
              id="input-3"
              role="button"
              type="text"
            />
          </div>
          <div
            class="v-input__append-inner"
          >
            <div />
          </div>
        </div>
        <div
          class="v-text-field__details"
        >
          <div
            class="v-messages theme--light"
          >
            <transition-group-stub
              class="v-messages__wrapper"
              name="message-transition"
              tag="div"
            />
          </div>
        </div>
      </div>
    </div>
    <div
      class="v-dialog__container"
    >
      <!---->
    </div>
     
    <div
      class="v-dialog__container"
    >
      <!---->
    </div>
    <div
      class="v-input daily-acces__input v-input--is-label-active v-input--is-dirty v-input--is-readonly theme--light v-text-field v-text-field--single-line v-text-field--solo v-text-field--enclosed v-text-field--placeholder"
    >
      <div
        class="v-input__control"
      >
        <div
          class="v-input__slot"
        >
          <div
            class="v-text-field__slot"
          >
            <input
              aria-expanded="false"
              aria-haspopup="true"
              id="input-7"
              readonly="readonly"
              role="button"
              type="text"
            />
          </div>
          <div
            class="v-input__append-inner"
          >
            <div
              class="v-input__icon v-input__icon--clear"
            >
              <button
                aria-label="clear icon"
                class="v-icon notranslate v-icon--link mdi mdi-close theme--light"
                type="button"
              />
            </div>
          </div>
        </div>
        <div
          class="v-text-field__details"
        >
          <div
            class="v-messages theme--light"
          >
            <transition-group-stub
              class="v-messages__wrapper"
              name="message-transition"
              tag="div"
            />
          </div>
        </div>
      </div>
    </div>
     
    <button
      class="v-btn v-btn--is-elevated v-btn--has-bg theme--light v-size--large primary"
      type="button"
    >
      <span
        class="v-btn__content"
      >
        
      BUSCAR
    
      </span>
    </button>
  </div>
   
  <!---->
</div>
`;

exports[`Pages / Admin / AdminDailyAccess when search button is clicked should render updated page 1`] = `
<div
  class="daily-access"
>
  <div
    class="daily-access__time-container"
  >
    <div
      class="v-input daily-acces__input theme--light v-text-field v-text-field--single-line v-text-field--solo v-text-field--enclosed v-text-field--placeholder"
    >
      <div
        class="v-input__control"
      >
        <div
          class="v-input__slot"
        >
          <div
            class="v-text-field__slot"
          >
            <label
              class="v-label theme--light"
              for="input-63"
              style="left: 0px; position: absolute;"
            >
              Período de início
            </label>
            <input
              aria-expanded="false"
              aria-haspopup="true"
              id="input-63"
              role="button"
              type="text"
            />
          </div>
          <div
            class="v-input__append-inner"
          >
            <div />
          </div>
        </div>
        <div
          class="v-text-field__details"
        >
          <div
            class="v-messages theme--light"
          >
            <transition-group-stub
              class="v-messages__wrapper"
              name="message-transition"
              tag="div"
            />
          </div>
        </div>
      </div>
    </div>
    <div
      class="v-dialog__container"
    >
      <!---->
    </div>
     
    <div
      class="v-dialog__container"
    >
      <!---->
    </div>
    <div
      class="v-input daily-acces__input v-input--is-label-active v-input--is-dirty v-input--is-readonly theme--light v-text-field v-text-field--single-line v-text-field--solo v-text-field--enclosed v-text-field--placeholder"
    >
      <div
        class="v-input__control"
      >
        <div
          class="v-input__slot"
        >
          <div
            class="v-text-field__slot"
          >
            <input
              aria-expanded="false"
              aria-haspopup="true"
              id="input-67"
              readonly="readonly"
              role="button"
              type="text"
            />
          </div>
          <div
            class="v-input__append-inner"
          >
            <div
              class="v-input__icon v-input__icon--clear"
            >
              <button
                aria-label="clear icon"
                class="v-icon notranslate v-icon--link mdi mdi-close theme--light"
                type="button"
              />
            </div>
          </div>
        </div>
        <div
          class="v-text-field__details"
        >
          <div
            class="v-messages theme--light"
          >
            <transition-group-stub
              class="v-messages__wrapper"
              name="message-transition"
              tag="div"
            />
          </div>
        </div>
      </div>
    </div>
     
    <button
      class="v-btn v-btn--is-elevated v-btn--has-bg theme--light v-size--large primary"
      type="button"
    >
      <span
        class="v-btn__content"
      >
        
      BUSCAR
    
      </span>
    </button>
  </div>
   
  <div
    class="daily-access__graph-wrapper"
  >
    <div
      style="min-height: NaNpx;"
    >
      <div
        class="apexcharts-canvas apexchartsq93kexef apexcharts-theme-light"
        id="apexchartsq93kexef"
      >
        <svg
          class="apexcharts-svg"
          height="NaN"
          id="SvgjsSvg1001"
          style="background: transparent;"
          transform="translate(0, 0)"
          version="1.1"
          width="100%"
          xmlns="http://www.w3.org/2000/svg"
          xmlns:data="ApexChartsNS"
          xmlns:svgjs="http://svgjs.dev"
          xmlns:xlink="http://www.w3.org/1999/xlink"
        >
          <g
            class="apexcharts-inner apexcharts-graphical"
            id="SvgjsG1003"
            transform="translate(27, 35)"
          >
            <defs
              id="SvgjsDefs1002"
            >
              <clippath
                id="gridRectMaskq93kexef"
              >
                <rect
                  fill="#fff"
                  height="0"
                  id="SvgjsRect1021"
                  opacity="1"
                  rx="0"
                  ry="0"
                  stroke="none"
                  stroke-dasharray="0"
                  stroke-width="0"
                  width="0"
                  x="-4.5"
                  y="-2.5"
                />
              </clippath>
              <clippath
                id="forecastMaskq93kexef"
              />
              <clippath
                id="nonForecastMaskq93kexef"
              />
              <clippath
                id="gridRectMarkerMaskq93kexef"
              >
                <rect
                  fill="#fff"
                  height="0"
                  id="SvgjsRect1024"
                  opacity="1"
                  rx="0"
                  ry="0"
                  stroke="none"
                  stroke-dasharray="0"
                  stroke-width="0"
                  width="0"
                  x="-2"
                  y="-2"
                />
              </clippath>
            </defs>
            <line
              class="apexcharts-xcrosshairs"
              fill="#b1b9c4"
              fill-opacity="0.9"
              filter="none"
              height="0"
              id="SvgjsLine1020"
              stroke="#b6b6b6"
              stroke-dasharray="3"
              stroke-linecap="butt"
              stroke-width="1"
              width="1"
              x="0"
              x1="0"
              x2="0"
              y="0"
              y1="0"
              y2="0"
            />
            <g
              class="apexcharts-xaxis"
              id="SvgjsG1031"
              transform="translate(0, 0)"
            >
              <g
                class="apexcharts-xaxis-texts-g"
                id="SvgjsG1032"
                transform="translate(0, -4)"
              >
                <text
                  class="apexcharts-text apexcharts-xaxis-label "
                  dominant-baseline="auto"
                  fill="#373d3f"
                  font-family="Helvetica, Arial, sans-serif"
                  font-size="12px"
                  font-weight="400"
                  id="SvgjsText1036"
                  style="font-family: Helvetica, Arial, sans-serif;"
                  text-anchor="middle"
                  x="0"
                  y="0"
                >
                  <tspan
                    id="SvgjsTspan1037"
                  >
                    a
                  </tspan>
                  <title>
                    a
                  </title>
                </text>
                <text
                  class="apexcharts-text apexcharts-xaxis-label "
                  dominant-baseline="auto"
                  fill="#373d3f"
                  font-family="Helvetica, Arial, sans-serif"
                  font-size="12px"
                  font-weight="400"
                  id="SvgjsText1041"
                  style="font-family: Helvetica, Arial, sans-serif;"
                  text-anchor="middle"
                  x="0"
                  y="0"
                >
                  <tspan
                    id="SvgjsTspan1042"
                  >
                    b
                  </tspan>
                  <title>
                    b
                  </title>
                </text>
                <text
                  class="apexcharts-text apexcharts-xaxis-label "
                  dominant-baseline="auto"
                  fill="#373d3f"
                  font-family="Helvetica, Arial, sans-serif"
                  font-size="12px"
                  font-weight="400"
                  id="SvgjsText1046"
                  style="font-family: Helvetica, Arial, sans-serif;"
                  text-anchor="middle"
                  x="0"
                  y="0"
                >
                  <tspan
                    id="SvgjsTspan1047"
                  >
                    c
                  </tspan>
                  <title>
                    c
                  </title>
                </text>
                <text
                  class="apexcharts-text apexcharts-xaxis-label "
                  dominant-baseline="auto"
                  fill="#373d3f"
                  font-family="Helvetica, Arial, sans-serif"
                  font-size="12px"
                  font-weight="400"
                  id="SvgjsText1051"
                  style="font-family: Helvetica, Arial, sans-serif;"
                  text-anchor="middle"
                  x="0"
                  y="0"
                >
                  <tspan
                    id="SvgjsTspan1052"
                  >
                    d
                  </tspan>
                  <title>
                    d
                  </title>
                </text>
                <text
                  class="apexcharts-text apexcharts-xaxis-label "
                  dominant-baseline="auto"
                  fill="#373d3f"
                  font-family="Helvetica, Arial, sans-serif"
                  font-size="12px"
                  font-weight="400"
                  id="SvgjsText1056"
                  style="font-family: Helvetica, Arial, sans-serif;"
                  text-anchor="middle"
                  x="0"
                  y="0"
                >
                  <tspan
                    id="SvgjsTspan1057"
                  >
                    
                  </tspan>
                  <title />
                </text>
                <text
                  class="apexcharts-text apexcharts-xaxis-label "
                  dominant-baseline="auto"
                  fill="#373d3f"
                  font-family="Helvetica, Arial, sans-serif"
                  font-size="12px"
                  font-weight="400"
                  id="SvgjsText1061"
                  style="font-family: Helvetica, Arial, sans-serif;"
                  text-anchor="middle"
                  x="0"
                  y="0"
                >
                  <tspan
                    id="SvgjsTspan1062"
                  >
                    
                  </tspan>
                  <title />
                </text>
                <text
                  class="apexcharts-text apexcharts-xaxis-label "
                  dominant-baseline="auto"
                  fill="#373d3f"
                  font-family="Helvetica, Arial, sans-serif"
                  font-size="12px"
                  font-weight="400"
                  id="SvgjsText1066"
                  style="font-family: Helvetica, Arial, sans-serif;"
                  text-anchor="middle"
                  x="0"
                  y="0"
                >
                  <tspan
                    id="SvgjsTspan1067"
                  >
                    
                  </tspan>
                  <title />
                </text>
                <text
                  class="apexcharts-text apexcharts-xaxis-label "
                  dominant-baseline="auto"
                  fill="#373d3f"
                  font-family="Helvetica, Arial, sans-serif"
                  font-size="12px"
                  font-weight="400"
                  id="SvgjsText1071"
                  style="font-family: Helvetica, Arial, sans-serif;"
                  text-anchor="middle"
                  x="0"
                  y="0"
                >
                  <tspan
                    id="SvgjsTspan1072"
                  >
                    
                  </tspan>
                  <title />
                </text>
                <text
                  class="apexcharts-text apexcharts-xaxis-label "
                  dominant-baseline="auto"
                  fill="#373d3f"
                  font-family="Helvetica, Arial, sans-serif"
                  font-size="12px"
                  font-weight="400"
                  id="SvgjsText1076"
                  style="font-family: Helvetica, Arial, sans-serif;"
                  text-anchor="middle"
                  x="0"
                  y="0"
                >
                  <tspan
                    id="SvgjsTspan1077"
                  >
                    
                  </tspan>
                  <title />
                </text>
              </g>
              <line
                id="SvgjsLine1078"
                stroke="#e0e0e0"
                stroke-dasharray="0"
                stroke-linecap="butt"
                stroke-width="1"
                x1="0"
                x2="0"
                y1="0"
                y2="0"
              />
            </g>
            <g
              class="apexcharts-grid"
              id="SvgjsG1111"
            >
              <g
                class="apexcharts-gridlines-horizontal"
                id="SvgjsG1112"
              >
                <line
                  class="apexcharts-gridline"
                  id="SvgjsLine1118"
                  stroke="#e0e0e0"
                  stroke-dasharray="0"
                  stroke-linecap="butt"
                  x1="0"
                  x2="0"
                  y1="0"
                  y2="0"
                />
                <line
                  class="apexcharts-gridline"
                  id="SvgjsLine1119"
                  stroke="#e0e0e0"
                  stroke-dasharray="0"
                  stroke-linecap="butt"
                  x1="0"
                  x2="0"
                  y1="0"
                  y2="0"
                />
                <line
                  class="apexcharts-gridline"
                  id="SvgjsLine1120"
                  stroke="#e0e0e0"
                  stroke-dasharray="0"
                  stroke-linecap="butt"
                  x1="0"
                  x2="0"
                  y1="0"
                  y2="0"
                />
                <line
                  class="apexcharts-gridline"
                  id="SvgjsLine1121"
                  stroke="#e0e0e0"
                  stroke-dasharray="0"
                  stroke-linecap="butt"
                  x1="0"
                  x2="0"
                  y1="0"
                  y2="0"
                />
                <line
                  class="apexcharts-gridline"
                  id="SvgjsLine1122"
                  stroke="#e0e0e0"
                  stroke-dasharray="0"
                  stroke-linecap="butt"
                  x1="0"
                  x2="0"
                  y1="0"
                  y2="0"
                />
                <line
                  class="apexcharts-gridline"
                  id="SvgjsLine1123"
                  stroke="#e0e0e0"
                  stroke-dasharray="0"
                  stroke-linecap="butt"
                  x1="0"
                  x2="0"
                  y1="0"
                  y2="0"
                />
              </g>
              <g
                class="apexcharts-gridlines-vertical"
                id="SvgjsG1113"
              />
              <line
                class="apexcharts-xaxis-tick"
                id="SvgjsLine1114"
                stroke="#e0e0e0"
                stroke-dasharray="0"
                stroke-linecap="butt"
                x1="0"
                x2="0"
                y1="0"
                y2="0"
              />
              <line
                class="apexcharts-xaxis-tick"
                id="SvgjsLine1115"
                stroke="#e0e0e0"
                stroke-dasharray="0"
                stroke-linecap="butt"
                x1="0"
                x2="0"
                y1="0"
                y2="0"
              />
              <line
                class="apexcharts-xaxis-tick"
                id="SvgjsLine1116"
                stroke="#e0e0e0"
                stroke-dasharray="0"
                stroke-linecap="butt"
                x1="0"
                x2="0"
                y1="0"
                y2="0"
              />
              <line
                class="apexcharts-xaxis-tick"
                id="SvgjsLine1117"
                stroke="#e0e0e0"
                stroke-dasharray="0"
                stroke-linecap="butt"
                x1="0"
                x2="0"
                y1="0"
                y2="0"
              />
              <rect
                class="apexcharts-grid-row"
                clip-path="url(#gridRectMaskq93kexef)"
                fill="#f3f3f3"
                height="0"
                id="SvgjsRect1124"
                opacity="0.5"
                rx="0"
                ry="0"
                stroke="none"
                stroke-dasharray="0"
                stroke-width="0"
                width="0"
                x="0"
                y="0"
              />
              <rect
                class="apexcharts-grid-row"
                clip-path="url(#gridRectMaskq93kexef)"
                fill="transparent"
                height="0"
                id="SvgjsRect1127"
                opacity="0.5"
                rx="0"
                ry="0"
                stroke="none"
                stroke-dasharray="0"
                stroke-width="0"
                width="0"
                x="0"
                y="0"
              />
              <rect
                class="apexcharts-grid-row"
                clip-path="url(#gridRectMaskq93kexef)"
                fill="#f3f3f3"
                height="0"
                id="SvgjsRect1130"
                opacity="0.5"
                rx="0"
                ry="0"
                stroke="none"
                stroke-dasharray="0"
                stroke-width="0"
                width="0"
                x="0"
                y="0"
              />
              <rect
                class="apexcharts-grid-row"
                clip-path="url(#gridRectMaskq93kexef)"
                fill="transparent"
                height="0"
                id="SvgjsRect1133"
                opacity="0.5"
                rx="0"
                ry="0"
                stroke="none"
                stroke-dasharray="0"
                stroke-width="0"
                width="0"
                x="0"
                y="0"
              />
              <rect
                class="apexcharts-grid-row"
                clip-path="url(#gridRectMaskq93kexef)"
                fill="#f3f3f3"
                height="0"
                id="SvgjsRect1136"
                opacity="0.5"
                rx="0"
                ry="0"
                stroke="none"
                stroke-dasharray="0"
                stroke-width="0"
                width="0"
                x="0"
                y="0"
              />
              <line
                id="SvgjsLine1140"
                stroke="transparent"
                stroke-dasharray="0"
                stroke-linecap="butt"
                x1="0"
                x2="0"
                y1="0"
                y2="0"
              />
              <line
                id="SvgjsLine1139"
                stroke="transparent"
                stroke-dasharray="0"
                stroke-linecap="butt"
                x1="0"
                x2="0"
                y1="1"
                y2="0"
              />
            </g>
            <g
              class="apexcharts-line-series apexcharts-plot-series"
              id="SvgjsG1027"
            >
              <g
                class="apexcharts-series"
                data:longestSeries="false"
                data:realIndex="0"
                id="SvgjsG1028"
                rel="1"
                seriesName="Desktops"
              >
                <g
                  class="apexcharts-series-markers-wrap apexcharts-element-hidden"
                  data:realIndex="0"
                  id="SvgjsG1029"
                >
                  <g
                    class="apexcharts-series-markers"
                  >
                    <circle
                      class="apexcharts-marker wzkk95u56h no-pointer-events"
                      cx="0"
                      cy="0"
                      default-marker-size="0"
                      fill="#008ffb"
                      fill-opacity="1"
                      id="SvgjsCircle1146"
                      r="0"
                      stroke="#ffffff"
                      stroke-opacity="0.9"
                      stroke-width="2"
                    />
                  </g>
                </g>
              </g>
              <g
                class="apexcharts-datalabels"
                data:realIndex="0"
                id="SvgjsG1030"
              />
            </g>
            <line
              class="apexcharts-ycrosshairs"
              id="SvgjsLine1141"
              stroke="#b6b6b6"
              stroke-dasharray="0"
              stroke-linecap="butt"
              stroke-width="1"
              x1="0"
              x2="0"
              y1="0"
              y2="0"
            />
            <line
              class="apexcharts-ycrosshairs-hidden"
              id="SvgjsLine1142"
              stroke-dasharray="0"
              stroke-linecap="butt"
              stroke-width="0"
              x1="0"
              x2="0"
              y1="0"
              y2="0"
            />
            <g
              class="apexcharts-yaxis-annotations apexcharts-element-hidden"
              id="SvgjsG1143"
            />
            <g
              class="apexcharts-xaxis-annotations apexcharts-element-hidden"
              id="SvgjsG1144"
            />
            <g
              class="apexcharts-point-annotations apexcharts-element-hidden"
              id="SvgjsG1145"
            />
          </g>
          <text
            class="apexcharts-title-text"
            dominant-baseline="auto"
            fill="#373d3f"
            font-family="Helvetica, Arial, sans-serif"
            font-size="14px"
            font-weight="900"
            id="SvgjsText1005"
            style="font-family: Helvetica, Arial, sans-serif; opacity: 1;"
            text-anchor="start"
            x="10"
            y="16.5"
          >
            Média de acessos diários por mês
          </text>
          <rect
            fill="#fefefe"
            height="0"
            id="SvgjsRect1017"
            opacity="1"
            rx="0"
            ry="0"
            stroke="none"
            stroke-dasharray="0"
            stroke-width="0"
            width="0"
            x="0"
            y="0"
          />
          <g
            class="apexcharts-yaxis"
            id="SvgjsG1079"
            rel="0"
            transform="translate(-3, 0)"
          >
            <g
              class="apexcharts-yaxis-texts-g"
              id="SvgjsG1080"
            >
              <text
                class="apexcharts-text apexcharts-yaxis-label "
                dominant-baseline="auto"
                fill="#373d3f"
                font-family="Helvetica, Arial, sans-serif"
                font-size="11px"
                font-weight="400"
                id="SvgjsText1084"
                style="font-family: Helvetica, Arial, sans-serif;"
                text-anchor="end"
                x="20"
                y="36.5"
              >
                <tspan
                  id="SvgjsTspan1085"
                >
                  150
                </tspan>
                <title>
                  150
                </title>
              </text>
              <text
                class="apexcharts-text apexcharts-yaxis-label "
                dominant-baseline="auto"
                fill="#373d3f"
                font-family="Helvetica, Arial, sans-serif"
                font-size="11px"
                font-weight="400"
                id="SvgjsText1089"
                style="font-family: Helvetica, Arial, sans-serif;"
                text-anchor="end"
                x="20"
                y="0"
              >
                <tspan
                  id="SvgjsTspan1090"
                >
                  120
                </tspan>
                <title>
                  120
                </title>
              </text>
              <text
                class="apexcharts-text apexcharts-yaxis-label "
                dominant-baseline="auto"
                fill="#373d3f"
                font-family="Helvetica, Arial, sans-serif"
                font-size="11px"
                font-weight="400"
                id="SvgjsText1094"
                style="font-family: Helvetica, Arial, sans-serif;"
                text-anchor="end"
                x="20"
                y="0"
              >
                <tspan
                  id="SvgjsTspan1095"
                >
                  90
                </tspan>
                <title>
                  90
                </title>
              </text>
              <text
                class="apexcharts-text apexcharts-yaxis-label "
                dominant-baseline="auto"
                fill="#373d3f"
                font-family="Helvetica, Arial, sans-serif"
                font-size="11px"
                font-weight="400"
                id="SvgjsText1099"
                style="font-family: Helvetica, Arial, sans-serif;"
                text-anchor="end"
                x="20"
                y="0"
              >
                <tspan
                  id="SvgjsTspan1100"
                >
                  60
                </tspan>
                <title>
                  60
                </title>
              </text>
              <text
                class="apexcharts-text apexcharts-yaxis-label "
                dominant-baseline="auto"
                fill="#373d3f"
                font-family="Helvetica, Arial, sans-serif"
                font-size="11px"
                font-weight="400"
                id="SvgjsText1104"
                style="font-family: Helvetica, Arial, sans-serif;"
                text-anchor="end"
                x="20"
                y="0"
              >
                <tspan
                  id="SvgjsTspan1105"
                >
                  30
                </tspan>
                <title>
                  30
                </title>
              </text>
              <text
                class="apexcharts-text apexcharts-yaxis-label "
                dominant-baseline="auto"
                fill="#373d3f"
                font-family="Helvetica, Arial, sans-serif"
                font-size="11px"
                font-weight="400"
                id="SvgjsText1109"
                style="font-family: Helvetica, Arial, sans-serif;"
                text-anchor="end"
                x="20"
                y="0"
              >
                <tspan
                  id="SvgjsTspan1110"
                >
                  0
                </tspan>
                <title>
                  0
                </title>
              </text>
            </g>
          </g>
          <g
            class="apexcharts-annotations"
            id="SvgjsG1004"
          />
        </svg>
        <div
          class="apexcharts-legend"
          style="max-height: NaNpx;"
        />
        <div
          class="apexcharts-tooltip apexcharts-theme-light"
        >
          <div
            class="apexcharts-tooltip-title"
            style="font-family: Helvetica, Arial, sans-serif; font-size: 12px;"
          />
          <div
            class="apexcharts-tooltip-series-group"
            style="order: 1;"
          >
            <span
              class="apexcharts-tooltip-marker"
              style="background-color: rgb(0, 143, 251);"
            />
            <div
              class="apexcharts-tooltip-text"
              style="font-family: Helvetica, Arial, sans-serif; font-size: 12px;"
            >
              <div
                class="apexcharts-tooltip-y-group"
              >
                <span
                  class="apexcharts-tooltip-text-y-label"
                />
                <span
                  class="apexcharts-tooltip-text-y-value"
                />
              </div>
              <div
                class="apexcharts-tooltip-goals-group"
              >
                <span
                  class="apexcharts-tooltip-text-goals-label"
                />
                <span
                  class="apexcharts-tooltip-text-goals-value"
                />
              </div>
              <div
                class="apexcharts-tooltip-z-group"
              >
                <span
                  class="apexcharts-tooltip-text-z-label"
                />
                <span
                  class="apexcharts-tooltip-text-z-value"
                />
              </div>
            </div>
          </div>
        </div>
        <div
          class="apexcharts-xaxistooltip apexcharts-xaxistooltip-bottom apexcharts-theme-light"
        >
          <div
            class="apexcharts-xaxistooltip-text"
            style="font-family: Helvetica, Arial, sans-serif; font-size: 12px;"
          />
        </div>
        <div
          class="apexcharts-yaxistooltip apexcharts-yaxistooltip-0 apexcharts-yaxistooltip-left apexcharts-theme-light"
        >
          <div
            class="apexcharts-yaxistooltip-text"
          />
        </div>
        <div
          class="apexcharts-toolbar"
          style="top: 0px; right: 3px;"
        >
          <div
            class="apexcharts-menu-icon"
            title="Menu"
          >
            <svg
              height="24"
              viewBox="0 0 24 24"
              width="24"
              xmlns="http://www.w3.org/2000/svg"
            >
              <path
                d="M0 0h24v24H0V0z"
                fill="none"
              />
              <path
                d="M3 18h18v-2H3v2zm0-5h18v-2H3v2zm0-7v2h18V6H3z"
              />
            </svg>
          </div>
          <div
            class="apexcharts-menu"
          >
            <div
              class="apexcharts-menu-item exportSVG"
              title="Download SVG"
            >
              Download SVG
            </div>
            <div
              class="apexcharts-menu-item exportPNG"
              title="Download PNG"
            >
              Download PNG
            </div>
            <div
              class="apexcharts-menu-item exportCSV"
              title="Download CSV"
            >
              Download CSV
            </div>
          </div>
        </div>
      </div>
    </div>
  </div>
</div>
`;
