// Jest Snapshot v1, https://goo.gl/fbAQLP

exports[`Pages / Admin / AdminPerformedSearches should render the page 1`] = `
<div
  class="performed-searches"
>
  <div
    class="performed-searches__filter"
  >
    <div
      class="v-input performed-searches__input theme--light v-text-field v-text-field--single-line v-text-field--solo v-text-field--enclosed v-text-field--placeholder"
    >
      <div
        class="v-input__control"
      >
        <div
          class="v-input__slot"
        >
          <div
            class="v-text-field__slot"
          >
            <label
              class="v-label theme--light"
              for="input-3"
              style="left: 0px; position: absolute;"
            >
              Período de início
            </label>
            <input
              aria-expanded="false"
              aria-haspopup="true"
              id="input-3"
              role="button"
              type="text"
            />
          </div>
          <div
            class="v-input__append-inner"
          >
            <div />
          </div>
        </div>
        <div
          class="v-text-field__details"
        >
          <div
            class="v-messages theme--light"
          >
            <transition-group-stub
              class="v-messages__wrapper"
              name="message-transition"
              tag="div"
            />
          </div>
        </div>
      </div>
    </div>
    <div
      class="v-dialog__container"
    >
      <!---->
    </div>
     
    <div
      class="v-dialog__container"
    >
      <!---->
    </div>
    <div
      class="v-input performed-searches__input v-input--is-label-active v-input--is-dirty v-input--is-readonly theme--light v-text-field v-text-field--single-line v-text-field--solo v-text-field--enclosed v-text-field--placeholder"
    >
      <div
        class="v-input__control"
      >
        <div
          class="v-input__slot"
        >
          <div
            class="v-text-field__slot"
          >
            <input
              aria-expanded="false"
              aria-haspopup="true"
              id="input-7"
              readonly="readonly"
              role="button"
              type="text"
            />
          </div>
          <div
            class="v-input__append-inner"
          >
            <div
              class="v-input__icon v-input__icon--clear"
            >
              <button
                aria-label="clear icon"
                class="v-icon notranslate v-icon--link mdi mdi-close theme--light"
                type="button"
              />
            </div>
          </div>
        </div>
        <div
          class="v-text-field__details"
        >
          <div
            class="v-messages theme--light"
          >
            <transition-group-stub
              class="v-messages__wrapper"
              name="message-transition"
              tag="div"
            />
          </div>
        </div>
      </div>
    </div>
     
    <div
      class="v-input performed-searches__input theme--light v-text-field v-text-field--single-line v-text-field--solo v-text-field--enclosed v-select v-autocomplete"
    >
      <div
        class="v-input__control"
      >
        <div
          aria-expanded="false"
          aria-haspopup="listbox"
          aria-owns="list-11"
          class="v-input__slot"
          role="combobox"
        >
          <div
            class="v-select__slot"
          >
            <label
              class="v-label theme--light"
              for="input-11"
              style="left: 0px; position: absolute;"
            >
              Origem
            </label>
            <input
              autocomplete="off"
              id="input-11"
              type="text"
            />
            <div
              class="v-input__append-inner"
            >
              <div
                class="v-input__icon v-input__icon--append"
              >
                <i
                  aria-hidden="true"
                  class="v-icon notranslate mdi mdi-menu-down theme--light"
                />
              </div>
            </div>
            <input
              type="hidden"
            />
          </div>
          <div
            class="v-menu"
          >
            <!---->
          </div>
        </div>
        <div
          class="v-text-field__details"
        >
          <div
            class="v-messages theme--light"
          >
            <transition-group-stub
              class="v-messages__wrapper"
              name="message-transition"
              tag="div"
            />
          </div>
        </div>
      </div>
    </div>
     
    <div
      class="v-input performed-searches__input theme--light v-text-field v-text-field--single-line v-text-field--solo v-text-field--enclosed v-select v-autocomplete"
    >
      <div
        class="v-input__control"
      >
        <div
          aria-expanded="false"
          aria-haspopup="listbox"
          aria-owns="list-16"
          class="v-input__slot"
          role="combobox"
        >
          <div
            class="v-select__slot"
          >
            <label
              class="v-label theme--light"
              for="input-16"
              style="left: 0px; position: absolute;"
            >
              Destino
            </label>
            <input
              autocomplete="off"
              id="input-16"
              type="text"
            />
            <div
              class="v-input__append-inner"
            >
              <div
                class="v-input__icon v-input__icon--append"
              >
                <i
                  aria-hidden="true"
                  class="v-icon notranslate mdi mdi-menu-down theme--light"
                />
              </div>
            </div>
            <input
              type="hidden"
            />
          </div>
          <div
            class="v-menu"
          >
            <!---->
          </div>
        </div>
        <div
          class="v-text-field__details"
        >
          <div
            class="v-messages theme--light"
          >
            <transition-group-stub
              class="v-messages__wrapper"
              name="message-transition"
              tag="div"
            />
          </div>
        </div>
      </div>
    </div>
     
    <div
      class="v-input performed-searches__input theme--light v-text-field v-text-field--single-line v-text-field--solo v-text-field--enclosed v-select v-autocomplete"
    >
      <div
        class="v-input__control"
      >
        <div
          aria-expanded="false"
          aria-haspopup="listbox"
          aria-owns="list-21"
          class="v-input__slot"
          role="combobox"
        >
          <div
            class="v-select__slot"
          >
            <label
              class="v-label theme--light"
              for="input-21"
              style="left: 0px; position: absolute;"
            >
              Linha
            </label>
            <input
              autocomplete="off"
              id="input-21"
              type="text"
            />
            <div
              class="v-input__append-inner"
            >
              <div
                class="v-input__icon v-input__icon--append"
              >
                <i
                  aria-hidden="true"
                  class="v-icon notranslate mdi mdi-menu-down theme--light"
                />
              </div>
            </div>
            <input
              type="hidden"
            />
          </div>
          <div
            class="v-menu"
          >
            <!---->
          </div>
        </div>
        <div
          class="v-text-field__details"
        >
          <div
            class="v-messages theme--light"
          >
            <transition-group-stub
              class="v-messages__wrapper"
              name="message-transition"
              tag="div"
            />
          </div>
        </div>
      </div>
    </div>
     
    <button
      class="v-btn v-btn--is-elevated v-btn--has-bg theme--light v-size--large primary"
      type="button"
    >
      <span
        class="v-btn__content"
      >
        
      BUSCAR
    
      </span>
    </button>
  </div>
   
  <!---->
</div>
`;
