// Jest Snapshot v1, https://goo.gl/fbAQLP

exports[`Pages / SearchPage when all data is correct should render the page 1`] = `
<div
  class="search-page"
>
  <div
    class="search-page__form"
  >
    <div
      class="v-input theme--light v-text-field v-text-field--single-line v-text-field--solo v-text-field--enclosed v-select v-autocomplete"
    >
      <div
        class="v-input__control"
      >
        <div
          aria-expanded="false"
          aria-haspopup="listbox"
          aria-owns="list-2"
          class="v-input__slot"
          role="combobox"
        >
          <div
            class="v-select__slot"
          >
            <label
              class="v-label theme--light"
              for="input-2"
              style="left: 0px; position: absolute;"
            >
              Origem
            </label>
            <input
              autocomplete="off"
              id="input-2"
              type="text"
            />
            <div
              class="v-input__append-inner"
            >
              <div
                class="v-input__icon v-input__icon--append"
              >
                <i
                  aria-hidden="true"
                  class="v-icon notranslate mdi mdi-menu-down theme--light"
                />
              </div>
            </div>
            <input
              type="hidden"
            />
          </div>
          <div
            class="v-menu"
          >
            <!---->
          </div>
        </div>
        <div
          class="v-text-field__details"
        >
          <div
            class="v-messages theme--light"
          >
            <transition-group-stub
              class="v-messages__wrapper"
              name="message-transition"
              tag="div"
            />
          </div>
        </div>
      </div>
    </div>
     
    <div
      class="v-input theme--light v-text-field v-text-field--single-line v-text-field--solo v-text-field--enclosed v-select v-autocomplete"
    >
      <div
        class="v-input__control"
      >
        <div
          aria-expanded="false"
          aria-haspopup="listbox"
          aria-owns="list-7"
          class="v-input__slot"
          role="combobox"
        >
          <div
            class="v-select__slot"
          >
            <label
              class="v-label theme--light"
              for="input-7"
              style="left: 0px; position: absolute;"
            >
              Destino
            </label>
            <input
              autocomplete="off"
              id="input-7"
              type="text"
            />
            <div
              class="v-input__append-inner"
            >
              <div
                class="v-input__icon v-input__icon--append"
              >
                <i
                  aria-hidden="true"
                  class="v-icon notranslate mdi mdi-menu-down theme--light"
                />
              </div>
            </div>
            <input
              type="hidden"
            />
          </div>
          <div
            class="v-menu"
          >
            <!---->
          </div>
        </div>
        <div
          class="v-text-field__details"
        >
          <div
            class="v-messages theme--light"
          >
            <transition-group-stub
              class="v-messages__wrapper"
              name="message-transition"
              tag="div"
            />
          </div>
        </div>
      </div>
    </div>
     
    <div
      class="v-input theme--light v-text-field v-text-field--single-line v-text-field--solo v-text-field--enclosed v-select"
    >
      <div
        class="v-input__control"
      >
        <div
          aria-expanded="false"
          aria-haspopup="listbox"
          aria-owns="list-12"
          class="v-input__slot"
          role="button"
        >
          <div
            class="v-select__slot"
          >
            <label
              class="v-label theme--light"
              for="input-12"
              style="left: 0px; position: absolute;"
            >
              Cid
            </label>
            <div
              class="v-select__selections"
            >
              <input
                aria-readonly="false"
                autocomplete="off"
                id="input-12"
                readonly="readonly"
                type="text"
              />
            </div>
            <div
              class="v-input__append-inner"
            >
              <div
                class="v-input__icon v-input__icon--append"
              >
                <i
                  aria-hidden="true"
                  class="v-icon notranslate mdi mdi-menu-down theme--light"
                />
              </div>
            </div>
            <input
              type="hidden"
            />
          </div>
          <div
            class="v-menu"
          >
            <!---->
          </div>
        </div>
        <div
          class="v-text-field__details"
        >
          <div
            class="v-messages theme--light"
          >
            <transition-group-stub
              class="v-messages__wrapper"
              name="message-transition"
              tag="div"
            />
          </div>
        </div>
      </div>
    </div>
     
    <div
      class="search-page__time-container"
    >
      <div
        class="v-dialog__container"
      >
        <div
          class="v-input v-input--is-label-active v-input--is-dirty v-input--is-readonly theme--light v-text-field"
        >
          <div
            class="v-input__prepend-outer"
          >
            <div
              class="v-input__icon v-input__icon--prepend"
            >
              <i
                aria-hidden="true"
                class="v-icon notranslate mdi mdi-clock-time-four-outline theme--light"
              />
            </div>
          </div>
          <div
            class="v-input__control"
          >
            <div
              class="v-input__slot"
            >
              <div
                class="v-text-field__slot"
              >
                <label
                  class="v-label v-label--active theme--light"
                  for="input-18"
                  style="left: 0px; position: absolute;"
                >
                  Selecione o horário
                </label>
                <input
                  aria-expanded="false"
                  aria-haspopup="true"
                  id="input-18"
                  readonly="readonly"
                  role="button"
                  type="text"
                />
              </div>
            </div>
            <div
              class="v-text-field__details"
            >
              <div
                class="v-messages theme--light"
              >
                <transition-group-stub
                  class="v-messages__wrapper"
                  name="message-transition"
                  tag="div"
                />
              </div>
            </div>
          </div>
        </div>
        <!---->
      </div>
       
      <div
        class="v-dialog__container"
      >
        <div
          class="v-input v-input--is-label-active v-input--is-dirty v-input--is-readonly theme--light v-text-field"
        >
          <div
            class="v-input__prepend-outer"
          >
            <div
              class="v-input__icon v-input__icon--prepend"
            >
              <i
                aria-hidden="true"
                class="v-icon notranslate mdi mdi-calendar theme--light"
              />
            </div>
          </div>
          <div
            class="v-input__control"
          >
            <div
              class="v-input__slot"
            >
              <div
                class="v-text-field__slot"
              >
                <label
                  class="v-label v-label--active theme--light"
                  for="input-23"
                  style="left: 0px; position: absolute;"
                >
                  Selecione a data
                </label>
                <input
                  aria-expanded="false"
                  aria-haspopup="true"
                  id="input-23"
                  readonly="readonly"
                  role="button"
                  type="text"
                />
              </div>
            </div>
            <div
              class="v-text-field__details"
            >
              <div
                class="v-messages theme--light"
              >
                <transition-group-stub
                  class="v-messages__wrapper"
                  name="message-transition"
                  tag="div"
                />
              </div>
            </div>
          </div>
        </div>
        <!---->
      </div>
    </div>
     
    <router-link
      class="v-btn v-btn--block v-btn--is-elevated v-btn--has-bg v-btn--router theme--light elevation-2 v-size--large primary"
    >
      <span
        class="v-btn__content"
      >
        
      BUSCAR
    
      </span>
    </router-link>
  </div>
   
  <img
    alt="woman-hitchhiking"
    class="search-page__image"
    src="~/assets/images/woman-hitchhiking.jpg"
  />
</div>
`;
