// Jest Snapshot v1, https://goo.gl/fbAQLP

exports[`Pages / SearchPage when all data is correct should render the page 1`] = `
<div
  class="search-page"
>
  <div
    class="search-page__form"
  >
    <span
      class="header-text"
    >
      Para onde você quer ir?
    </span>
     
    <div
      class="v-input theme--light v-text-field v-text-field--single-line v-text-field--solo v-text-field--enclosed v-select v-autocomplete"
    >
      <div
        class="v-input__control"
      >
        <div
          aria-expanded="false"
          aria-haspopup="listbox"
          aria-owns="list-4"
          class="v-input__slot"
          role="combobox"
        >
          <div
            class="v-input__prepend-inner"
          >
            <div
              class="v-input__icon v-input__icon--prepend-inner"
            >
              <i
                aria-hidden="true"
                class="v-icon notranslate mdi mdi-map-marker theme--light"
              />
            </div>
          </div>
          <div
            class="v-select__slot"
          >
            <label
              class="v-label theme--light"
              for="input-4"
              style="left: 0px; position: absolute;"
            >
              Origem
            </label>
            <input
              autocomplete="off"
              id="input-4"
              type="text"
            />
            <div
              class="v-input__append-inner"
            >
              <div
                class="v-input__icon v-input__icon--append"
              >
                <i
                  aria-hidden="true"
                  class="v-icon notranslate mdi mdi-menu-down theme--light"
                />
              </div>
            </div>
            <input
              type="hidden"
            />
          </div>
          <div
            class="v-menu"
          >
            <!---->
          </div>
        </div>
        <div
          class="v-text-field__details"
        >
          <div
            class="v-messages theme--light"
          >
            <transition-group-stub
              class="v-messages__wrapper"
              name="message-transition"
              tag="div"
            />
          </div>
        </div>
      </div>
    </div>
     
    <div
      class="v-input theme--light v-text-field v-text-field--single-line v-text-field--solo v-text-field--enclosed v-select v-autocomplete"
    >
      <div
        class="v-input__control"
      >
        <div
          aria-expanded="false"
          aria-haspopup="listbox"
          aria-owns="list-10"
          class="v-input__slot"
          role="combobox"
        >
          <div
            class="v-input__prepend-inner"
          >
            <div
              class="v-input__icon v-input__icon--prepend-inner"
            >
              <i
                aria-hidden="true"
                class="v-icon notranslate mdi mdi-map-marker-radius theme--light"
              />
            </div>
          </div>
          <div
            class="v-select__slot"
          >
            <label
              class="v-label theme--light"
              for="input-10"
              style="left: 0px; position: absolute;"
            >
              Destino
            </label>
            <input
              autocomplete="off"
              id="input-10"
              type="text"
            />
            <div
              class="v-input__append-inner"
            >
              <div
                class="v-input__icon v-input__icon--append"
              >
                <i
                  aria-hidden="true"
                  class="v-icon notranslate mdi mdi-menu-down theme--light"
                />
              </div>
            </div>
            <input
              type="hidden"
            />
          </div>
          <div
            class="v-menu"
          >
            <!---->
          </div>
        </div>
        <div
          class="v-text-field__details"
        >
          <div
            class="v-messages theme--light"
          >
            <transition-group-stub
              class="v-messages__wrapper"
              name="message-transition"
              tag="div"
            />
          </div>
        </div>
      </div>
    </div>
     
    <div
      class="search-page__time-container"
    >
      <div
        class="v-input custom-input v-input--is-readonly theme--light v-text-field v-text-field--single-line v-text-field--solo v-text-field--enclosed"
      >
        <div
          class="v-input__control"
        >
          <div
            class="v-input__slot"
          >
            <div
              class="v-input__prepend-inner"
            >
              <div
                class="v-input__icon v-input__icon--prepend-inner"
              >
                <i
                  aria-hidden="true"
                  class="v-icon notranslate mdi mdi-clock-time-four-outline theme--light"
                />
              </div>
            </div>
            <div
              class="v-text-field__slot"
            >
              <label
                class="v-label theme--light"
                for="input-17"
                style="left: 0px; position: absolute;"
              >
                Horário
              </label>
              <input
                aria-expanded="false"
                aria-haspopup="true"
                id="input-17"
                readonly="readonly"
                role="button"
                type="text"
              />
            </div>
          </div>
          <div
            class="v-text-field__details"
          >
            <div
              class="v-messages theme--light"
            >
              <transition-group-stub
                class="v-messages__wrapper"
                name="message-transition"
                tag="div"
              />
            </div>
          </div>
        </div>
      </div>
      <div
        class="v-dialog__container"
      >
        <!---->
      </div>
       
      <div
        class="v-dialog__container"
      >
        <!---->
      </div>
      <div
        class="v-input custom-input v-input--is-readonly theme--light v-text-field v-text-field--single-line v-text-field--solo v-text-field--enclosed"
      >
        <div
          class="v-input__control"
        >
          <div
            class="v-input__slot"
          >
            <div
              class="v-input__prepend-inner"
            >
              <div
                class="v-input__icon v-input__icon--prepend-inner"
              >
                <i
                  aria-hidden="true"
                  class="v-icon notranslate mdi mdi-calendar theme--light"
                />
              </div>
            </div>
            <div
              class="v-text-field__slot"
            >
              <label
                class="v-label theme--light"
                for="input-22"
                style="left: 0px; position: absolute;"
              >
                Data
              </label>
              <input
                aria-expanded="false"
                aria-haspopup="true"
                id="input-22"
                readonly="readonly"
                role="button"
                type="text"
              />
            </div>
          </div>
          <div
            class="v-text-field__details"
          >
            <div
              class="v-messages theme--light"
            >
              <transition-group-stub
                class="v-messages__wrapper"
                name="message-transition"
                tag="div"
              />
            </div>
          </div>
        </div>
      </div>
    </div>
     
    <div
      class="v-input theme--light v-text-field v-text-field--single-line v-text-field--solo v-text-field--enclosed v-select v-autocomplete"
    >
      <div
        class="v-input__control"
      >
        <div
          aria-expanded="false"
          aria-haspopup="listbox"
          aria-owns="list-26"
          class="v-input__slot"
          role="combobox"
        >
          <div
            class="v-select__slot"
          >
            <label
              class="v-label theme--light"
              for="input-26"
              style="left: 0px; position: absolute;"
            >
              Código Cid
            </label>
            <input
              autocomplete="off"
              id="input-26"
              type="text"
            />
            <div
              class="v-input__append-inner"
            >
              <div
                class="v-input__icon v-input__icon--append"
              >
                <i
                  aria-hidden="true"
                  class="v-icon notranslate mdi mdi-menu-down theme--light"
                />
              </div>
            </div>
            <input
              type="hidden"
            />
          </div>
          <div
            class="v-menu"
          >
            <!---->
          </div>
        </div>
        <div
          class="v-text-field__details"
        >
          <div
            class="v-messages theme--light"
          >
            <transition-group-stub
              class="v-messages__wrapper"
              name="message-transition"
              tag="div"
            />
          </div>
        </div>
      </div>
    </div>
     
    <button
      class="v-btn v-btn--block v-btn--is-elevated v-btn--has-bg theme--light elevation-2 v-size--large"
      style="background-color: rgb(1, 25, 61); border-color: #01193d;"
      type="button"
    >
      <span
        class="v-btn__content"
      >
        
      Buscar
    
      </span>
    </button>
     
    <a
      class="mt-4 v-btn v-btn--router v-btn--text theme--light v-size--small"
      id="btn-solicitacao"
    >
      <span
        class="v-btn__content"
      >
        
      Não encontrei minha rota
    
      </span>
    </a>
  </div>
</div>
`;
