// Jest Snapshot v1, https://goo.gl/fbAQLP

exports[`Pages / RoutesPage when all data is correct should render the page 1`] = `
<div
  class="routes-page__container"
>
  <div
    class="routes-page__empty"
  >
    <div
      aria-label="Ícone representativo de uma busca"
      class="v-image v-responsive theme--light"
      role="img"
    >
      <div
        class="v-responsive__content"
      >
        <i
          aria-hidden="true"
          class="v-icon notranslate mdi mdi-home-search theme--light primary--text"
          style="font-size: 140px;"
        />
      </div>
    </div>
     
    <h1
      class="text-lg-h6"
    >
      
      Não foi possível encontrar as rotas, tente realizar a busca novamente.
    
    </h1>
     
    <a
      class="v-btn v-btn--is-elevated v-btn--has-bg v-btn--router theme--light v-size--default primary"
    >
      <span
        class="v-btn__content"
      >
        
      Voltar para página principal
    
      </span>
    </a>
  </div>
</div>
`;

exports[`Pages / RoutesPage when busRoutes is empty should render the page with empty state message 1`] = `
<div
  class="routes-page__container"
>
  <div
    class="routes-page__empty"
  >
    <div
      aria-label="Ícone representativo de uma busca"
      class="v-image v-responsive theme--light"
      role="img"
    >
      <div
        class="v-responsive__content"
      >
        <i
          aria-hidden="true"
          class="v-icon notranslate mdi mdi-home-search theme--light primary--text"
          style="font-size: 140px;"
        />
      </div>
    </div>
     
    <h1
      class="text-lg-h6"
    >
      
      Não foi possível encontrar as rotas, tente realizar a busca novamente.
    
    </h1>
     
    <a
      class="v-btn v-btn--is-elevated v-btn--has-bg v-btn--router theme--light v-size--default primary"
    >
      <span
        class="v-btn__content"
      >
        
      Voltar para página principal
    
      </span>
    </a>
  </div>
</div>
`;
