// Jest Snapshot v1, https://goo.gl/fbAQLP

exports[`Pages / AboutUsPage matches the snapshot 1`] = `
<div
  class="about-us__container"
>
  <div
    class="about-us__container-content"
  >
    <div
      class="about-us__container-content-emtu"
    >
      <h2
        class="about-us__container-content-title"
      >
        
        Sobre o 
        <span>
          projeto
        </span>
      </h2>
       
      <p
        class="about-us__container-content-paragraph"
      >
        
        O software proposto faz o mapeamento entre as classificações dos níveis de
        deficiência dos passageiros e as adequações necessárias para que esses passageiros
        utilizem o sistema de transporte público metropolitano da melhor forma possível.
        Os dados e informações a serem utilizados neste projeto serão da Região Metropolitana do Vale do
        Paraíba e Litoral Norte de São Paulo (RMVPLN) e da Empresa Metropolitana de Transportes Urbanos de São Paulo
        (EMTU),
        parceira deste projeto de extensão.
      
      </p>
       
      <p
        class="about-us__container-content-paragraph"
      >
        
        O software relaciona os CID (Código Internacional de Doenças) dos passageiros PcD com suas necessidades
        em termos de adequações nos veículos de transporte e a própria oferta do transporte
        público metropolitano. Espera-se que o software desenvolvido seja capaz de orientar o usuário no seu
        dia-a-dia,
        assim como gere informações para que a empresa possa atendê-lo da melhor forma possível.
        Ao final, o software será disponibilizado de forma aberta e gratuita.
      
      </p>
    </div>
     
    <div
      class="about-us__container-content-emtu-details"
    >
      <div
        class="about-us__container-content"
      >
        <div
          class="about-us__container-content-emtu-details"
        >
          <i
            aria-hidden="true"
            class="v-icon notranslate about-us__container-content-emtu-details-icon mdi mdi-bus theme--light"
            style="font-size: 300px;"
          />
        </div>
         
        <div
          class="about-us__container-content-title"
        >
          <h2>
            <span>
              EMTU
            </span>
          </h2>
        </div>
      </div>
    </div>
  </div>
   
  <div
    class="about-us__container-content"
  >
    <div
      class="about-us__container-content-codelab-details"
    >
      <h2
        class="about-us__container-content-title"
      >
        
        Sobre o 
        <span>
           CodeLab 
        </span>
      </h2>
       
      <p
        class="about-us__container-content-paragraph"
      >
        
        O CodeLab-Unifesp é um projeto formado por um grupo de estudantes com uma ideia revolucionária,
        a qual acreditamos que contribuirá para o desenvolvimento social. Ele é idealizado e coordenado pela
        Profa. Dra. Denise Stringhini.
      
      </p>
       
      <p
        class="about-us__container-content-paragraph"
      >
        
        Oferecemos soluções inteligentes para duas ONG's de nossa região e nos orgulhamos da nossa atitude.
        Sempre buscamos o feedback construtivo dos nossos clientes a fim de melhorar e expandir o nosso projeto.
      
      </p>
       
      <p
        class="about-us__container-content-paragraph"
      >
        
        Soluções inteligentes estão no centro do que fazemos no CodeLab-Unifesp. Nosso principal objetivo é
        encontrar formas inteligentes de usar a tecnologia a nosso favor para ajudar a construir um futuro
        melhor para todos, em todo lugar.
      
      </p>
       
      <p
        class="about-us__container-content-paragraph"
      >
        
        Estamos sempre abertos a novas ideias e trabalhamos em conjunto para obter contínuamente o melhor.
      
      </p>
       
      <span
        class="about-us__container-content-paragraph"
      >
        Para saber mais 
        <a
          href="https://www.codelab-unifesp.org/"
          target="_blank"
        >
          acesse nosso site.
        </a>
      </span>
    </div>
     
    <div
      class="about-us__container-content-codelab-details"
    >
      <div
        class="about-us__container-content-codelab-images"
      >
        <img
          src="../assets/images/logo-codelab.png"
        />
      </div>
       
      <span
        class="about-us__container-content-emtu-details-text"
      >
        
        Site desenvolvido e mantido pelo grupode extensão CodeLab da Universidade Federal do Estado de São Paulo
        (UNIFESP)
      
      </span>
    </div>
  </div>
</div>
`;
