// Jest Snapshot v1, https://goo.gl/fbAQLP

exports[`Components / TheHeader should render title correctly 1`] = `
<div
  class="v-card v-card--flat v-sheet theme--light rounded-0"
  style="height: 50px;"
>
  <header
    class="v-sheet theme--light v-toolbar v-toolbar--dense"
    style="height: 48px;"
  >
    <div
      class="v-toolbar__content"
      style="height: 48px;"
    >
      <i
        aria-hidden="true"
        class="v-icon notranslate mdi mdi-bus theme--light primary--text"
      />
       
      <div
        class="v-toolbar__title ml-4"
      >
        
      Home
    
      </div>
       
      <div
        class="spacer"
      />
       
      <button
        class="v-app-bar__nav-icon v-btn v-btn--icon v-btn--round theme--light v-size--default primary--text"
        color="primary"
        type="button"
      >
        <span
          class="v-btn__content"
        >
          <i
            aria-hidden="true"
            class="v-icon notranslate mdi mdi-menu theme--light"
          />
        </span>
      </button>
    </div>
  </header>
</div>
`;
