// Jest Snapshot v1, https://goo.gl/fbAQLP

exports[`Components / TheHeader should render title correctly 1`] = `
<div
  class="v-card v-card--flat v-sheet theme--light rounded-0"
  style="height: 50px;"
>
  <header
    class="v-sheet theme--light v-toolbar v-toolbar--dense"
    style="height: 48px;"
  >
    <div
      class="v-toolbar__content"
      style="height: 48px;"
    >
      <button
        class="v-icon notranslate v-icon--link mdi mdi-bus theme--light primary--text"
        id="bus-icon"
        type="button"
      />
       
      <div
        class="v-toolbar__title ml-4"
      >
        
      Home
    
      </div>
       
      <div
        class="spacer"
      />
       
      <div
        class="accessibility-controls"
      >
        <button
          aria-label="Aumentar fonte"
          class="v-btn v-btn--icon v-btn--round theme--light v-size--small"
          type="button"
        >
          <span
            class="v-btn__content"
          >
            <i
              aria-hidden="true"
              class="v-icon notranslate mdi mdi-format-font-size-increase theme--light"
            />
          </span>
        </button>
         
        <button
          aria-label="Diminuir fonte"
          class="v-btn v-btn--icon v-btn--round theme--light v-size--small"
          type="button"
        >
          <span
            class="v-btn__content"
          >
            <i
              aria-hidden="true"
              class="v-icon notranslate mdi mdi-format-font-size-decrease theme--light"
            />
          </span>
        </button>
         
        <button
          aria-label="Alto contraste"
          aria-pressed="false"
          class="v-btn v-btn--icon v-btn--round theme--light v-size--small"
          type="button"
        >
          <span
            class="v-btn__content"
          >
            <i
              aria-hidden="true"
              class="v-icon notranslate mdi mdi-contrast-circle theme--light"
            />
          </span>
        </button>
         
        <button
          aria-label="Resetar acessibilidade"
          class="v-btn v-btn--icon v-btn--round theme--light v-size--small"
          type="button"
        >
          <span
            class="v-btn__content"
          >
            <i
              aria-hidden="true"
              class="v-icon notranslate mdi mdi-refresh theme--light"
            />
          </span>
        </button>
      </div>
       
      <button
        class="v-app-bar__nav-icon v-btn v-btn--icon v-btn--round theme--light v-size--default primary--text"
        color="primary"
        type="button"
      >
        <span
          class="v-btn__content"
        >
          <i
            aria-hidden="true"
            class="v-icon notranslate mdi mdi-menu theme--light"
          />
        </span>
      </button>
    </div>
  </header>
</div>
`;
